// Jest Snapshot v1, https://goo.gl/fbAQLP

exports[`<Main /> should render the heading 1`] = `
.c0 {
  background-color: blue;
  width: 100%;
  height: 100%;
}

.c1 {
  color: #b0b0b0;
}

.c2 {
  color: #b2b2b2;
}

<main
  class="c0"
>
  <h1
    class="c1"
  >
    Main para teste
  </h1>
  <span
    class="c2"
  >
    teste main
  </span>
</main>
`;
